\BOOKMARK [1][-]{section.1}{\376\377\000P\000r\000o\000b\000l\000e\000m\000\040\000S\000t\000a\000t\000e\000m\000e\000n\000t}{}% 1
\BOOKMARK [2][-]{subsection.1.1}{\376\377\000S\000c\000o\000p\000e\000\040\000o\000f\000\040\000P\000o\000s\000t\000u\000r\000e\000\040\000A\000c\000t\000i\000o\000n\000s}{section.1}% 2
\BOOKMARK [1][-]{section.2}{\376\377\000E\000x\000p\000e\000r\000i\000m\000e\000n\000t\000a\000l\000\040\000I\000n\000s\000t\000r\000u\000m\000e\000n\000t\000:\000\040\000S\000p\000i\000r\000a\000l\000B\000r\000a\000i\000n\000\040\000v\0003\000.\0000}{}% 3
\BOOKMARK [1][-]{section.3}{\376\377\000C\000o\000n\000c\000e\000p\000t\000u\000a\000l\000\040\000F\000r\000a\000m\000e\000w\000o\000r\000k\000\040\000\050\000T\000h\000e\000o\000r\000y\000\051}{}% 4
\BOOKMARK [1][-]{section.4}{\376\377\000H\000y\000p\000o\000t\000h\000e\000s\000e\000s}{}% 5
\BOOKMARK [1][-]{section.5}{\376\377\000R\000i\000s\000k\000\040\000P\000o\000s\000t\000u\000r\000e\000\040\000a\000s\000\040\000P\000a\000r\000t\000i\000c\000i\000p\000a\000t\000i\000o\000n\000\040\000C\000o\000n\000t\000r\000o\000l}{}% 6
\BOOKMARK [1][-]{section.6}{\376\377\000W\000h\000a\000t\000\040\000C\000h\000a\000n\000g\000e\000s\040\024\000a\000n\000d\000\040\000W\000h\000a\000t\000\040\000D\000o\000e\000s\000\040\000N\000o\000t\040\024\000A\000c\000r\000o\000s\000s\000\040\000E\000m\000o\000t\000i\000o\000n\000a\000l\000\040\000P\000r\000o\000f\000i\000l\000e\000s}{}% 7
\BOOKMARK [1][-]{section.7}{\376\377\000E\000m\000o\000t\000i\000o\000n\000\040\000a\000s\000\040\000a\000\040\000R\000e\000g\000u\000l\000a\000t\000o\000r\000y\000\040\000L\000e\000n\000s}{}% 8
\BOOKMARK [1][-]{section.8}{\376\377\000I\000n\000t\000e\000r\000n\000a\000l\000\040\000R\000e\000g\000u\000l\000a\000t\000i\000o\000n\000\040\000v\000s\000\040\000E\000x\000t\000e\000r\000n\000a\000l\000\040\000M\000a\000r\000k\000e\000t\000\040\000E\000m\000o\000t\000i\000o\000n}{}% 9
\BOOKMARK [1][-]{section.9}{\376\377\000W\000h\000y\000\040\000T\000h\000i\000s\000\040\000M\000a\000t\000t\000e\000r\000s\000\040\000f\000o\000r\000\040\000F\000i\000n\000a\000n\000c\000i\000a\000l\000\040\000a\000n\000d\000\040\000C\000o\000m\000p\000l\000i\000a\000n\000c\000e\000\040\000S\000y\000s\000t\000e\000m\000s}{}% 10
\BOOKMARK [1][-]{section.10}{\376\377\000D\000a\000t\000a\000\040\000S\000o\000u\000r\000c\000e\000s\000\040\000a\000n\000d\000\040\000A\000l\000i\000g\000n\000m\000e\000n\000t}{}% 11
\BOOKMARK [1][-]{section.11}{\376\377\000M\000a\000r\000k\000e\000t\000\040\000W\000i\000n\000d\000o\000w\000\040\000V\000i\000s\000u\000a\000l\000i\000z\000a\000t\000i\000o\000n}{}% 12
\BOOKMARK [1][-]{section.12}{\376\377\000A\000u\000d\000i\000t\000\040\000I\000n\000f\000r\000a\000s\000t\000r\000u\000c\000t\000u\000r\000e\000\040\000a\000n\000d\000\040\000P\000r\000o\000v\000e\000n\000a\000n\000c\000e}{}% 13
\BOOKMARK [1][-]{section.13}{\376\377\000P\000u\000b\000l\000i\000c\000\040\000V\000e\000r\000i\000f\000i\000c\000a\000t\000i\000o\000n\000\040\000P\000a\000c\000k\000a\000g\000e\000\040\000\050\000R\000e\000v\000i\000e\000w\000e\000r\000-\000F\000a\000c\000i\000n\000g\000\051}{}% 14
\BOOKMARK [1][-]{section.14}{\376\377\000E\000x\000p\000e\000r\000i\000m\000e\000n\000t\000a\000l\000\040\000S\000e\000t\000u\000p}{}% 15
\BOOKMARK [2][-]{subsection.14.1}{\376\377\000S\000y\000s\000t\000e\000m\000\040\000U\000n\000d\000e\000r\000\040\000T\000e\000s\000t}{section.14}% 16
\BOOKMARK [2][-]{subsection.14.2}{\376\377\000P\000r\000o\000f\000i\000l\000e\000s}{section.14}% 17
\BOOKMARK [2][-]{subsection.14.3}{\376\377\000O\000u\000t\000p\000u\000t\000\040\000C\000o\000n\000t\000r\000a\000c\000t\000\040\000a\000n\000d\000\040\000F\000a\000i\000l\000-\000L\000o\000u\000d\000l\000y\000\040\000B\000e\000h\000a\000v\000i\000o\000r}{section.14}% 18
\BOOKMARK [2][-]{subsection.14.4}{\376\377\000E\000x\000p\000e\000r\000i\000m\000e\000n\000t\000a\000l\000\040\000R\000u\000n\000\040\000S\000t\000r\000u\000c\000t\000u\000r\000e\000\040\000a\000n\000d\000\040\000I\000n\000t\000e\000r\000p\000r\000e\000t\000a\000t\000i\000o\000n}{section.14}% 19
\BOOKMARK [1][-]{section.15}{\376\377\000R\000e\000s\000u\000l\000t\000s}{}% 20
\BOOKMARK [2][-]{subsection.15.1}{\376\377\000C\000o\000n\000f\000i\000r\000m\000a\000t\000o\000r\000y\000\040\000R\000u\000n\000\040\000w\000i\000t\000h\000\040\000R\000a\000n\000d\000o\000m\000i\000z\000e\000d\000\040\000E\000m\000o\000t\000i\000o\000n\000a\000l\000\040\000P\000r\000o\000f\000i\000l\000e\000s}{section.15}% 21
\BOOKMARK [2][-]{subsection.15.2}{\376\377\000W\000h\000y\000\040\000I\000d\000e\000n\000t\000i\000c\000a\000l\000\040\000I\000n\000p\000u\000t\000s\000\040\000P\000r\000o\000d\000u\000c\000e\000\040\000D\000i\000v\000e\000r\000g\000e\000n\000t\000\040\000P\000o\000s\000t\000u\000r\000e\000s}{section.15}% 22
\BOOKMARK [2][-]{subsection.15.3}{\376\377\000H\000o\000w\000\040\000t\000o\000\040\000R\000e\000a\000d\000\040\000t\000h\000e\000\040\000R\000e\000s\000u\000l\000t\000s}{section.15}% 23
\BOOKMARK [1][-]{section.16}{\376\377\000D\000i\000s\000c\000u\000s\000s\000i\000o\000n}{}% 24
\BOOKMARK [1][-]{section.17}{\376\377\000M\000e\000a\000s\000u\000r\000e\000m\000e\000n\000t\000\040\000S\000c\000o\000p\000e\000\040\000a\000n\000d\000\040\000O\000u\000t\000p\000u\000t\000\040\000S\000e\000m\000a\000n\000t\000i\000c\000s}{}% 25
\BOOKMARK [1][-]{section.18}{\376\377\000R\000e\000l\000a\000t\000e\000d\000\040\000a\000n\000d\000\040\000C\000o\000m\000p\000a\000n\000i\000o\000n\000\040\000W\000o\000r\000k}{}% 26
\BOOKMARK [1][-]{section.19}{\376\377\000V\000e\000r\000i\000f\000i\000c\000a\000t\000i\000o\000n\000\040\000S\000u\000m\000m\000a\000r\000y\000\040\000\050\000A\000r\000t\000i\000f\000a\000c\000t\000-\000L\000e\000v\000e\000l\000\040\000C\000l\000a\000i\000m\000s\000\051}{}% 27
\BOOKMARK [2][-]{subsection.19.1}{\376\377\000A\000r\000t\000i\000f\000a\000c\000t\000-\000V\000e\000r\000i\000f\000i\000a\000b\000l\000e\000\040\000C\000l\000a\000i\000m\000s}{section.19}% 28
\BOOKMARK [1][-]{section.20}{\376\377\000L\000i\000m\000i\000t\000a\000t\000i\000o\000n\000s}{}% 29
\BOOKMARK [1][-]{section.21}{\376\377\000V\000e\000r\000i\000f\000i\000c\000a\000t\000i\000o\000n\000\040\000a\000n\000d\000\040\000R\000e\000g\000e\000n\000e\000r\000a\000t\000i\000o\000n}{}% 30
\BOOKMARK [2][-]{subsection.21.1}{\376\377\000V\000e\000r\000i\000f\000i\000c\000a\000t\000i\000o\000n\000\040\000\050\000o\000f\000f\000l\000i\000n\000e\000,\000\040\000z\000e\000r\000o\000\040\000t\000r\000u\000s\000t\000\051}{section.21}% 31
\BOOKMARK [2][-]{subsection.21.2}{\376\377\000O\000n\000l\000i\000n\000e\000\040\000R\000u\000n\000\040\000G\000e\000n\000e\000r\000a\000t\000i\000o\000n\000\040\000\050\000D\000o\000c\000u\000m\000e\000n\000t\000e\000d\000,\000\040\000N\000o\000t\000\040\000P\000u\000b\000l\000i\000c\000\051}{section.21}% 32
\BOOKMARK [1][-]{appendix.A}{\376\377\000R\000e\000f\000e\000r\000e\000n\000c\000e\000\040\000E\000x\000a\000m\000p\000l\000e\000s\000\040\000\050\000A\000r\000t\000i\000f\000a\000c\000t\000\040\000F\000o\000r\000m\000a\000t\000s\000\051}{}% 33
\BOOKMARK [2][-]{subsection.A.1}{\376\377\000R\000u\000n\000\040\000S\000u\000m\000m\000a\000r\000y\000\040\000\050\000s\000u\000m\000m\000a\000r\000y\000\137\000r\000e\000p\000o\000r\000t\000.\000j\000s\000o\000n\000\051}{appendix.A}% 34
\BOOKMARK [2][-]{subsection.A.2}{\376\377\000V\000e\000r\000i\000f\000i\000e\000r\000\040\000S\000n\000i\000p\000p\000e\000t\000\040\000\050\000O\000f\000f\000l\000i\000n\000e\000\040\000C\000h\000e\000c\000k\000s\000\051}{appendix.A}% 35
\BOOKMARK [1][-]{appendix.B}{\376\377\000C\000o\000d\000e\000\040\000A\000v\000a\000i\000l\000a\000b\000i\000l\000i\000t\000y}{}% 36
