\BOOKMARK [1][-]{section.1}{\376\377\000B\000a\000c\000k\000g\000r\000o\000u\000n\000d\000\040\000a\000n\000d\000\040\000T\000h\000e\000o\000r\000e\000t\000i\000c\000a\000l\000\040\000M\000o\000t\000i\000v\000a\000t\000i\000o\000n}{}% 1
\BOOKMARK [2][-]{subsection.1.1}{\376\377\000R\000e\000s\000e\000a\000r\000c\000h\000\040\000P\000r\000o\000g\000r\000a\000m\000\040\000C\000o\000n\000t\000e\000x\000t}{section.1}% 2
\BOOKMARK [2][-]{subsection.1.2}{\376\377\000N\000e\000u\000r\000o\000d\000i\000v\000e\000r\000g\000e\000n\000t\000\040\000M\000o\000d\000e\000l\000i\000n\000g\000\040\000P\000r\000i\000n\000c\000i\000p\000l\000e\000s}{section.1}% 3
\BOOKMARK [2][-]{subsection.1.3}{\376\377\000I\000n\000t\000e\000g\000r\000a\000t\000i\000o\000n\000\040\000O\000v\000e\000r\000\040\000S\000p\000e\000e\000d\000\040\000P\000h\000i\000l\000o\000s\000o\000p\000h\000y}{section.1}% 4
\BOOKMARK [2][-]{subsection.1.4}{\376\377\000I\000n\000t\000e\000r\000p\000r\000e\000t\000i\000v\000e\000\040\000E\000x\000t\000e\000n\000s\000i\000o\000n\000s}{section.1}% 5
\BOOKMARK [2][-]{subsection.1.5}{\376\377\000T\000h\000e\000\040\000E\000l\000a\000s\000t\000i\000c\000\040\000M\000i\000n\000d\000\040\000H\000y\000p\000o\000t\000h\000e\000s\000i\000s}{section.1}% 6
\BOOKMARK [1][-]{section.2}{\376\377\000P\000o\000s\000i\000t\000i\000o\000n\000\040\000W\000i\000t\000h\000i\000n\000\040\000t\000h\000e\000\040\000R\000I\000\040\000C\000o\000r\000p\000u\000s}{}% 7
\BOOKMARK [1][-]{section.3}{\376\377\000M\000e\000t\000h\000o\000d\000s\000\040\000a\000n\000d\000\040\000E\000x\000p\000e\000r\000i\000m\000e\000n\000t\000a\000l\000\040\000P\000r\000o\000t\000o\000c\000o\000l\000s}{}% 8
\BOOKMARK [2][-]{subsection.3.1}{\376\377\000M\000o\000d\000e\000l\000\040\000S\000c\000o\000p\000e\000\040\000a\000n\000d\000\040\000P\000r\000o\000v\000e\000n\000a\000n\000c\000e}{section.3}% 9
\BOOKMARK [2][-]{subsection.3.2}{\376\377\000C\000o\000r\000e\000\040\000M\000e\000t\000r\000i\000c\000s\000\040\000D\000e\000f\000i\000n\000i\000t\000i\000o\000n\000s}{section.3}% 10
\BOOKMARK [2][-]{subsection.3.3}{\376\377\000E\000x\000p\000e\000r\000i\000m\000e\000n\000t\000a\000l\000\040\000V\000i\000g\000n\000e\000t\000t\000e\000:\000\040\000P\000e\000r\000t\000u\000r\000b\000a\000t\000i\000o\000n\000\040\000R\000e\000c\000o\000v\000e\000r\000y}{section.3}% 11
\BOOKMARK [1][-]{section.4}{\376\377\000E\000m\000p\000i\000r\000i\000c\000a\000l\000\040\000D\000i\000s\000c\000o\000v\000e\000r\000i\000e\000s\000\040\000A\000b\000o\000u\000t\000\040\000C\000o\000g\000n\000i\000t\000i\000o\000n}{}% 12
\BOOKMARK [2][-]{subsection.4.1}{\376\377\000S\000u\000m\000m\000a\000r\000y\000\040\000o\000f\000\040\000E\000m\000p\000i\000r\000i\000c\000a\000l\000\040\000R\000e\000g\000u\000l\000a\000r\000i\000t\000i\000e\000s}{section.4}% 13
\BOOKMARK [2][-]{subsection.4.2}{\376\377\000E\000m\000p\000i\000r\000i\000c\000a\000l\000\040\000A\000t\000t\000r\000a\000c\000t\000o\000r\000s\000\040\000O\000v\000e\000r\000\040\000T\000h\000e\000o\000r\000y}{section.4}% 14
\BOOKMARK [2][-]{subsection.4.3}{\376\377\000E\000m\000o\000t\000i\000o\000n\000a\000l\000\040\000I\000n\000t\000e\000l\000l\000i\000g\000e\000n\000c\000e\000\040\000a\000s\000\040\000a\000\040\000Q\000u\000a\000n\000t\000i\000f\000i\000a\000b\000l\000e\000\040\000M\000e\000t\000r\000i\000c}{section.4}% 15
\BOOKMARK [2][-]{subsection.4.4}{\376\377\000S\000e\000l\000f\000-\000R\000e\000g\000u\000l\000a\000t\000i\000o\000n\000\040\000T\000h\000r\000o\000u\000g\000h\000\040\000R\000e\000f\000l\000e\000c\000t\000i\000v\000e\000\040\000H\000o\000m\000e\000o\000s\000t\000a\000s\000i\000s}{section.4}% 16
\BOOKMARK [2][-]{subsection.4.5}{\376\377\000P\000h\000a\000s\000e\000-\000L\000o\000c\000k\000e\000d\000\040\000I\000n\000t\000e\000g\000r\000a\000t\000i\000o\000n}{section.4}% 17
\BOOKMARK [2][-]{subsection.4.6}{\376\377\000D\000y\000n\000a\000m\000i\000c\000a\000l\000\040\000S\000t\000a\000b\000i\000l\000i\000t\000y\000\040\000a\000n\000d\000\040\000a\000\040\000S\000i\000n\000g\000l\000e\000\040\000G\000l\000o\000b\000a\000l\000\040\000A\000t\000t\000r\000a\000c\000t\000o\000r}{section.4}% 18
\BOOKMARK [2][-]{subsection.4.7}{\376\377\000E\000m\000o\000t\000i\000o\000n\000\040\000a\000s\000\040\000C\000o\000r\000e\000\040\000C\000o\000m\000p\000u\000t\000a\000t\000i\000o\000n\000a\000l\000\040\000S\000u\000b\000s\000t\000r\000a\000t\000e}{section.4}% 19
\BOOKMARK [2][-]{subsection.4.8}{\376\377\000C\000o\000h\000e\000r\000e\000n\000c\000e\000\040\000T\000h\000r\000o\000u\000g\000h\000\040\000I\000n\000t\000e\000g\000r\000a\000t\000i\000o\000n\000,\000\040\000N\000o\000t\000\040\000M\000a\000g\000n\000i\000t\000u\000d\000e}{section.4}% 20
\BOOKMARK [2][-]{subsection.4.9}{\376\377\000T\000e\000m\000p\000o\000r\000a\000l\000\040\000H\000i\000e\000r\000a\000r\000c\000h\000i\000e\000s\000\040\000a\000n\000d\000\040\000E\000t\000h\000i\000c\000a\000l\000\040\000T\000i\000m\000e\000s\000c\000a\000l\000e\000s}{section.4}% 21
\BOOKMARK [1][-]{section.5}{\376\377\000N\000e\000u\000r\000o\000d\000i\000v\000e\000r\000g\000e\000n\000t\000\040\000C\000o\000g\000n\000i\000t\000i\000o\000n\000\040\000a\000s\000\040\000M\000o\000d\000e\000l}{}% 22
\BOOKMARK [2][-]{subsection.5.1}{\376\377\000R\000a\000t\000i\000o\000n\000a\000l\000e}{section.5}% 23
\BOOKMARK [2][-]{subsection.5.2}{\376\377\000P\000a\000r\000a\000l\000l\000e\000l\000\040\000P\000r\000o\000c\000e\000s\000s\000i\000n\000g\000\040\000a\000n\000d\000\040\000M\000u\000l\000t\000i\000-\000L\000o\000b\000e\000\040\000I\000n\000t\000e\000g\000r\000a\000t\000i\000o\000n}{section.5}% 24
\BOOKMARK [2][-]{subsection.5.3}{\376\377\000I\000n\000t\000e\000g\000r\000a\000t\000i\000o\000n\000\040\000B\000e\000f\000o\000r\000e\000\040\000E\000f\000f\000i\000c\000i\000e\000n\000c\000y}{section.5}% 25
\BOOKMARK [2][-]{subsection.5.4}{\376\377\000E\000l\000a\000s\000t\000i\000c\000\040\000E\000x\000p\000l\000o\000r\000a\000t\000i\000o\000n\000\040\000a\000n\000d\000\040\000D\000i\000v\000e\000r\000g\000e\000n\000t\000\040\000T\000h\000i\000n\000k\000i\000n\000g}{section.5}% 26
\BOOKMARK [2][-]{subsection.5.5}{\376\377\000E\000m\000o\000t\000i\000o\000n\000a\000l\000\040\000C\000a\000l\000i\000b\000r\000a\000t\000i\000o\000n\000\040\000a\000s\000\040\000C\000o\000g\000n\000i\000t\000i\000v\000e\000\040\000F\000e\000e\000d\000b\000a\000c\000k}{section.5}% 27
\BOOKMARK [2][-]{subsection.5.6}{\376\377\000R\000e\000f\000l\000e\000c\000t\000i\000v\000e\000\040\000S\000e\000l\000f\000-\000R\000e\000g\000u\000l\000a\000t\000i\000o\000n\000\040\000a\000n\000d\000\040\000S\000e\000n\000s\000e\000\040\000o\000f\000\040\000I\000d\000e\000n\000t\000i\000t\000y}{section.5}% 28
\BOOKMARK [2][-]{subsection.5.7}{\376\377\000D\000e\000v\000e\000l\000o\000p\000m\000e\000n\000t\000a\000l\000\040\000P\000a\000r\000a\000l\000l\000e\000l\000s}{section.5}% 29
\BOOKMARK [2][-]{subsection.5.8}{\376\377\000I\000m\000p\000l\000i\000c\000a\000t\000i\000o\000n\000s}{section.5}% 30
\BOOKMARK [2][-]{subsection.5.9}{\376\377\000S\000u\000m\000m\000a\000r\000y}{section.5}% 31
\BOOKMARK [1][-]{section.6}{\376\377\000T\000h\000e\000o\000r\000e\000t\000i\000c\000a\000l\000\040\000a\000n\000d\000\040\000I\000n\000t\000e\000g\000r\000a\000t\000i\000v\000e\000\040\000I\000m\000p\000l\000i\000c\000a\000t\000i\000o\000n\000s}{}% 32
\BOOKMARK [2][-]{subsection.6.1}{\376\377\000C\000o\000g\000n\000i\000t\000i\000o\000n\000\040\000a\000s\000\040\000S\000e\000l\000f\000-\000D\000i\000s\000c\000o\000v\000e\000r\000y}{section.6}% 33
\BOOKMARK [2][-]{subsection.6.2}{\376\377\000S\000y\000n\000t\000h\000e\000t\000i\000c\000\040\000C\000o\000h\000e\000r\000e\000n\000c\000e\000\040\000a\000n\000d\000\040\000I\000n\000t\000e\000g\000r\000a\000t\000i\000o\000n\000-\000D\000r\000i\000v\000e\000n\000\040\000D\000y\000n\000a\000m\000i\000c\000s}{section.6}% 34
\BOOKMARK [2][-]{subsection.6.3}{\376\377\000T\000e\000m\000p\000o\000r\000a\000l\000\040\000A\000r\000c\000h\000i\000t\000e\000c\000t\000u\000r\000e\000\040\000o\000f\000\040\000T\000h\000o\000u\000g\000h\000t}{section.6}% 35
\BOOKMARK [2][-]{subsection.6.4}{\376\377\000E\000m\000o\000t\000i\000o\000n\000a\000l\000\040\000I\000n\000t\000e\000l\000l\000i\000g\000e\000n\000c\000e\000\040\000a\000s\000\040\000S\000t\000r\000u\000c\000t\000u\000r\000a\000l\000\040\000F\000e\000e\000d\000b\000a\000c\000k}{section.6}% 36
\BOOKMARK [2][-]{subsection.6.5}{\376\377\000E\000t\000h\000i\000c\000s\000\040\000a\000s\000\040\000a\000\040\000D\000e\000r\000i\000v\000a\000t\000i\000v\000e\000\040\000P\000r\000o\000c\000e\000s\000s}{section.6}% 37
\BOOKMARK [2][-]{subsection.6.6}{\376\377\000I\000n\000t\000e\000g\000r\000a\000t\000i\000o\000n\000\040\000O\000v\000e\000r\000\040\000S\000p\000e\000e\000d\000:\000\040\000R\000e\000d\000e\000f\000i\000n\000i\000n\000g\000\040\000I\000n\000t\000e\000l\000l\000i\000g\000e\000n\000c\000e}{section.6}% 38
\BOOKMARK [2][-]{subsection.6.7}{\376\377\000T\000h\000e\000\040\000E\000l\000a\000s\000t\000i\000c\000\040\000M\000i\000n\000d\000\040\000H\000y\000p\000o\000t\000h\000e\000s\000i\000s}{section.6}% 39
\BOOKMARK [2][-]{subsection.6.8}{\376\377\000B\000r\000o\000a\000d\000e\000r\000\040\000C\000o\000n\000s\000e\000q\000u\000e\000n\000c\000e\000s}{section.6}% 40
\BOOKMARK [2][-]{subsection.6.9}{\376\377\000L\000i\000m\000i\000t\000a\000t\000i\000o\000n\000s}{section.6}% 41
\BOOKMARK [2][-]{subsection.6.10}{\376\377\000C\000o\000n\000c\000l\000u\000s\000i\000o\000n}{section.6}% 42
\BOOKMARK [1][-]{section.7}{\376\377\000D\000i\000s\000c\000u\000s\000s\000i\000o\000n\000\040\000a\000n\000d\000\040\000F\000u\000t\000u\000r\000e\000\040\000W\000o\000r\000k}{}% 43
\BOOKMARK [2][-]{subsection.7.1}{\376\377\000R\000e\000i\000n\000t\000e\000r\000p\000r\000e\000t\000i\000n\000g\000\040\000C\000o\000g\000n\000i\000t\000i\000v\000e\000\040\000E\000n\000g\000i\000n\000e\000e\000r\000i\000n\000g}{section.7}% 44
\BOOKMARK [2][-]{subsection.7.2}{\376\377\000M\000e\000t\000h\000o\000d\000o\000l\000o\000g\000i\000c\000a\000l\000\040\000C\000o\000n\000t\000r\000i\000b\000u\000t\000i\000o\000n\000s}{section.7}% 45
\BOOKMARK [2][-]{subsection.7.3}{\376\377\000G\000e\000n\000e\000r\000a\000l\000i\000z\000a\000t\000i\000o\000n\000\040\000P\000a\000t\000h\000w\000a\000y\000s}{section.7}% 46
\BOOKMARK [2][-]{subsection.7.4}{\376\377\000L\000i\000m\000i\000t\000a\000t\000i\000o\000n\000s}{section.7}% 47
\BOOKMARK [2][-]{subsection.7.5}{\376\377\000K\000n\000o\000w\000n\000\040\000F\000a\000i\000l\000u\000r\000e\000\040\000R\000e\000g\000i\000m\000e\000s}{section.7}% 48
\BOOKMARK [2][-]{subsection.7.6}{\376\377\000P\000o\000t\000e\000n\000t\000i\000a\000l\000\040\000E\000x\000t\000e\000n\000s\000i\000o\000n\000s}{section.7}% 49
\BOOKMARK [2][-]{subsection.7.7}{\376\377\000O\000p\000e\000n\000\040\000Q\000u\000e\000s\000t\000i\000o\000n\000s}{section.7}% 50
\BOOKMARK [2][-]{subsection.7.8}{\376\377\000B\000r\000o\000a\000d\000e\000r\000\040\000I\000m\000p\000l\000i\000c\000a\000t\000i\000o\000n\000s}{section.7}% 51
\BOOKMARK [2][-]{subsection.7.9}{\376\377\000I\000n\000t\000e\000r\000p\000r\000e\000t\000i\000v\000e\000\040\000E\000x\000t\000e\000n\000s\000i\000o\000n\000s}{section.7}% 52
\BOOKMARK [2][-]{subsection.7.10}{\376\377\000C\000l\000o\000s\000i\000n\000g\000\040\000P\000e\000r\000s\000p\000e\000c\000t\000i\000v\000e}{section.7}% 53
\BOOKMARK [1][-]{section.8}{\376\377\000C\000o\000n\000c\000l\000u\000s\000i\000o\000n\000\040\000a\000n\000d\000\040\000S\000u\000m\000m\000a\000r\000y\000\040\000o\000f\000\040\000C\000o\000n\000t\000r\000i\000b\000u\000t\000i\000o\000n\000s}{}% 54
\BOOKMARK [1][-]{appendix.A}{\376\377\000M\000a\000t\000h\000e\000m\000a\000t\000i\000c\000a\000l\000\040\000a\000n\000d\000\040\000A\000l\000g\000o\000r\000i\000t\000h\000m\000i\000c\000\040\000D\000e\000t\000a\000i\000l\000s}{}% 55
\BOOKMARK [2][-]{subsection.A.1}{\376\377\000F\000u\000l\000l\000\040\000D\000e\000r\000i\000v\000a\000t\000i\000o\000n\000s}{appendix.A}% 56
\BOOKMARK [3][-]{subsubsection.A.1.1}{\376\377\000S\000p\000i\000r\000a\000l\000C\000o\000d\000e\000\040\000T\000o\000r\000q\000u\000e\000\040\000E\000q\000u\000a\000t\000i\000o\000n\000\040\000D\000e\000r\000i\000v\000a\000t\000i\000o\000n}{subsection.A.1}% 57
\BOOKMARK [3][-]{subsubsection.A.1.2}{\376\377\000S\000p\000i\000r\000a\000l\000\040\000C\000o\000g\000n\000i\000t\000i\000o\000n\000\040\000M\000a\000n\000i\000f\000o\000l\000d\000\040\000D\000e\000r\000i\000v\000a\000t\000i\000o\000n}{subsection.A.1}% 58
\BOOKMARK [3][-]{subsubsection.A.1.3}{\376\377\000S\000t\000a\000b\000i\000l\000i\000t\000y\000\040\000A\000n\000a\000l\000y\000s\000i\000s\000\040\000f\000o\000r\000\040\000T\000h\000e\000o\000r\000e\000t\000i\000c\000a\000l\000\040\000*}{subsection.A.1}% 59
\BOOKMARK [2][-]{subsection.A.2}{\376\377\000M\000e\000t\000r\000i\000c\000\040\000D\000e\000f\000i\000n\000i\000t\000i\000o\000n\000s}{appendix.A}% 60
\BOOKMARK [3][-]{subsubsection.A.2.1}{\376\377\000C\000o\000h\000e\000r\000e\000n\000c\000e\000\040}{subsection.A.2}% 61
\BOOKMARK [3][-]{subsubsection.A.2.2}{\376\377\000C\000o\000h\000e\000r\000e\000n\000c\000e\000\040\000D\000e\000r\000i\000v\000a\000t\000i\000v\000e\000\040\000'}{subsection.A.2}% 62
\BOOKMARK [3][-]{subsubsection.A.2.3}{\376\377\000A\000w\000a\000r\000e\000n\000e\000s\000s\000\040\000I\000n\000d\000e\000x}{subsection.A.2}% 63
\BOOKMARK [3][-]{subsubsection.A.2.4}{\376\377\000S\000E\000C\000\040\000D\000r\000i\000f\000t}{subsection.A.2}% 64
\BOOKMARK [3][-]{subsubsection.A.2.5}{\376\377\000E\000m\000o\000t\000i\000o\000n\000a\000l\000\040\000C\000o\000h\000e\000r\000e\000n\000c\000e}{subsection.A.2}% 65
\BOOKMARK [3][-]{subsubsection.A.2.6}{\376\377\000C\000o\000m\000p\000l\000i\000a\000n\000c\000e\000\040\000M\000e\000t\000r\000i\000c}{subsection.A.2}% 66
\BOOKMARK [2][-]{subsection.A.3}{\376\377\000P\000s\000e\000u\000d\000o\000c\000o\000d\000e}{appendix.A}% 67
\BOOKMARK [3][-]{subsubsection.A.3.1}{\376\377\000S\000p\000i\000r\000a\000l\000C\000o\000d\000e\000\040\000U\000p\000d\000a\000t\000e\000\040\000F\000u\000n\000c\000t\000i\000o\000n}{subsection.A.3}% 68
\BOOKMARK [3][-]{subsubsection.A.3.2}{\376\377\000S\000E\000C\000\040\000C\000a\000l\000i\000b\000r\000a\000t\000i\000o\000n}{subsection.A.3}% 69
\BOOKMARK [3][-]{subsubsection.A.3.3}{\376\377\000R\000e\000f\000l\000e\000c\000t\000i\000v\000e\000/\000E\000t\000h\000i\000c\000a\000l\000\040\000C\000o\000n\000t\000r\000o\000l\000l\000e\000r}{subsection.A.3}% 70
\BOOKMARK [1][-]{appendix.B}{\376\377\000E\000x\000p\000e\000r\000i\000m\000e\000n\000t\000a\000l\000\040\000P\000r\000o\000t\000o\000c\000o\000l\000s\000\040\000a\000n\000d\000\040\000E\000v\000i\000d\000e\000n\000c\000e\000\040\000M\000a\000p\000p\000i\000n\000g}{}% 71
\BOOKMARK [2][-]{subsection.B.1}{\376\377\000P\000r\000o\000t\000o\000c\000o\000l\000\040\000T\000a\000b\000l\000e\000s}{appendix.B}% 72
\BOOKMARK [2][-]{subsection.B.2}{\376\377\000E\000v\000i\000d\000e\000n\000c\000e\000\040\000M\000a\000p\000p\000i\000n\000g\000\040\000T\000a\000b\000l\000e}{appendix.B}% 73
\BOOKMARK [2][-]{subsection.B.3}{\376\377\000S\000t\000a\000t\000i\000s\000t\000i\000c\000a\000l\000\040\000D\000e\000t\000a\000i\000l\000s}{appendix.B}% 74
\BOOKMARK [1][-]{appendix.C}{\376\377\000A\000b\000l\000a\000t\000i\000o\000n\000s\000\040\000a\000n\000d\000\040\000S\000e\000n\000s\000i\000t\000i\000v\000i\000t\000y\000\040\000A\000n\000a\000l\000y\000s\000e\000s}{}% 75
\BOOKMARK [2][-]{subsection.C.1}{\376\377\000N\000o\000-\000S\000E\000C\000\040\000/\000\040\000F\000i\000x\000e\000d\000-\000S\000E\000C\000\040\000A\000b\000l\000a\000t\000i\000o\000n}{appendix.C}% 76
\BOOKMARK [2][-]{subsection.C.2}{\376\377\000F\000l\000a\000t\000t\000e\000n\000e\000d\000\040\000T\000e\000m\000p\000o\000r\000a\000l\000\040\000H\000i\000e\000r\000a\000r\000c\000h\000y\000\040\000A\000b\000l\000a\000t\000i\000o\000n}{appendix.C}% 77
\BOOKMARK [2][-]{subsection.C.3}{\376\377\000F\000i\000x\000e\000d\000\040\000v\000s\000.\000\040\000A\000d\000a\000p\000t\000i\000v\000e\000\040\000\040\000A\000b\000l\000a\000t\000i\000o\000n}{appendix.C}% 78
\BOOKMARK [2][-]{subsection.C.4}{\376\377\000P\000h\000a\000s\000e\000-\000L\000o\000c\000k\000\040\000V\000a\000r\000i\000a\000t\000i\000o\000n\000\040\000A\000b\000l\000a\000t\000i\000o\000n}{appendix.C}% 79
\BOOKMARK [1][-]{appendix.D}{\376\377\000B\000e\000n\000c\000h\000m\000a\000r\000k\000\040\000a\000n\000d\000\040\000T\000a\000s\000k\000\040\000I\000l\000l\000u\000s\000t\000r\000a\000t\000i\000o\000n\000s}{}% 80
\BOOKMARK [2][-]{subsection.D.1}{\376\377\000T\000o\000y\000\040\000E\000t\000h\000i\000c\000a\000l\000\040\000T\000a\000s\000k}{appendix.D}% 81
\BOOKMARK [2][-]{subsection.D.2}{\376\377\000R\000e\000a\000s\000o\000n\000i\000n\000g\000\040\000P\000r\000o\000b\000e}{appendix.D}% 82
\BOOKMARK [1][-]{appendix.E}{\376\377\000S\000E\000C\000\040\000T\000a\000x\000o\000n\000o\000m\000y\000\040\000a\000n\000d\000\040\000E\000m\000o\000t\000i\000o\000n\000a\000l\000\040\000C\000o\000r\000p\000u\000s}{}% 83
\BOOKMARK [2][-]{subsection.E.1}{\376\377\000S\000E\000C\000\040\000S\000p\000a\000c\000e\000\040\000D\000e\000s\000c\000r\000i\000p\000t\000i\000o\000n}{appendix.E}% 84
\BOOKMARK [2][-]{subsection.E.2}{\376\377\000C\000o\000r\000p\000u\000s\000\040\000D\000e\000s\000c\000r\000i\000p\000t\000i\000o\000n}{appendix.E}% 85
\BOOKMARK [2][-]{subsection.E.3}{\376\377\000E\000x\000a\000m\000p\000l\000e\000\040\000S\000E\000C\000\040\000P\000r\000o\000f\000i\000l\000e\000s}{appendix.E}% 86
\BOOKMARK [1][-]{appendix.F}{\376\377\000R\000e\000p\000r\000o\000d\000u\000c\000i\000b\000i\000l\000i\000t\000y\000\040\000G\000u\000i\000d\000e}{}% 87
\BOOKMARK [2][-]{subsection.F.1}{\376\377\000E\000n\000v\000i\000r\000o\000n\000m\000e\000n\000t\000\040\000S\000u\000m\000m\000a\000r\000y}{appendix.F}% 88
\BOOKMARK [2][-]{subsection.F.2}{\376\377\000S\000t\000e\000p\000-\000b\000y\000-\000S\000t\000e\000p\000\040\000A\000u\000d\000i\000t}{appendix.F}% 89
\BOOKMARK [2][-]{subsection.F.3}{\376\377\000C\000a\000v\000e\000a\000t\000s}{appendix.F}% 90
