\BOOKMARK [0][-]{chapter.1}{\376\377\000I\000n\000t\000r\000o\000d\000u\000c\000t\000i\000o\000n\000:\000\040\000F\000r\000o\000m\000\040\000M\000o\000d\000e\000l\000s\000\040\000t\000o\000\040\000S\000y\000s\000t\000e\000m\000s}{}% 1
\BOOKMARK [1][-]{section.1.1}{\376\377\000T\000h\000e\000\040\000C\000r\000i\000s\000i\000s\000\040\000o\000f\000\040\000B\000r\000i\000t\000t\000l\000e\000\040\000I\000n\000t\000e\000l\000l\000i\000g\000e\000n\000c\000e}{chapter.1}% 2
\BOOKMARK [1][-]{section.1.2}{\376\377\000T\000h\000e\000\040\000R\000e\000g\000u\000l\000a\000t\000o\000r\000y\000\040\000I\000n\000t\000e\000l\000l\000i\000g\000e\000n\000c\000e\000\040\000\050\000R\000I\000\051\000\040\000H\000y\000p\000o\000t\000h\000e\000s\000i\000s}{chapter.1}% 3
\BOOKMARK [1][-]{section.1.3}{\376\377\000T\000h\000e\000\040\000L\000o\000c\000a\000l\000\040\000E\000x\000e\000c\000u\000t\000i\000o\000n\000\040\000C\000o\000n\000s\000t\000r\000a\000i\000n\000t}{chapter.1}% 4
\BOOKMARK [1][-]{section.1.4}{\376\377\000R\000e\000l\000a\000t\000e\000d\000\040\000W\000o\000r\000k\000\040\000a\000n\000d\000\040\000P\000o\000s\000i\000t\000i\000o\000n\000i\000n\000g}{chapter.1}% 5
\BOOKMARK [1][-]{section.1.5}{\376\377\000S\000t\000r\000u\000c\000t\000u\000r\000a\000l\000\040\000T\000o\000p\000o\000l\000o\000g\000y\000:\000\040\000T\000h\000e\000\040\000E\000i\000g\000h\000t\000-\000P\000a\000t\000h\000w\000a\000y\000\040\000C\000o\000g\000n\000i\000t\000i\000v\000e\000\040\000A\000r\000c\000h\000i\000t\000e\000c\000t\000u\000r\000e}{chapter.1}% 6
\BOOKMARK [1][-]{section.1.6}{\376\377\000D\000e\000f\000i\000n\000i\000n\000g\000\040\000"\000S\000a\000n\000i\000t\000y\000"\000\040\000M\000a\000t\000h\000e\000m\000a\000t\000i\000c\000a\000l\000l\000y}{chapter.1}% 7
\BOOKMARK [1][-]{section.1.7}{\376\377\000C\000o\000n\000t\000r\000i\000b\000u\000t\000i\000o\000n\000s\000\040\000a\000n\000d\000\040\000N\000o\000v\000e\000l\000t\000y}{chapter.1}% 8
\BOOKMARK [1][-]{section.1.8}{\376\377\000S\000c\000o\000p\000e\000\040\000a\000n\000d\000\040\000N\000o\000n\000-\000C\000l\000a\000i\000m\000s}{chapter.1}% 9
\BOOKMARK [1][-]{section.1.9}{\376\377\000F\000a\000l\000s\000i\000f\000i\000c\000a\000t\000i\000o\000n\000\040\000P\000r\000o\000t\000o\000c\000o\000l\000\040\000a\000n\000d\000\040\000R\000e\000s\000u\000l\000t\000s}{chapter.1}% 10
\BOOKMARK [1][-]{section.1.10}{\376\377\000R\000e\000l\000a\000t\000e\000d\000\040\000W\000o\000r\000k}{chapter.1}% 11
\BOOKMARK [1][-]{section.1.11}{\376\377\000C\000o\000m\000p\000a\000n\000i\000o\000n\000\040\000P\000a\000p\000e\000r\000s\000\040\000a\000n\000d\000\040\000S\000e\000l\000f\000-\000S\000u\000f\000f\000i\000c\000i\000e\000n\000c\000y}{chapter.1}% 12
\BOOKMARK [0][-]{chapter.2}{\376\377\000T\000h\000e\000o\000r\000e\000t\000i\000c\000a\000l\000\040\000F\000o\000u\000n\000d\000a\000t\000i\000o\000n\000s}{}% 13
\BOOKMARK [1][-]{section.2.1}{\376\377\000C\000y\000b\000e\000r\000n\000e\000t\000i\000c\000\040\000C\000o\000g\000n\000i\000t\000i\000o\000n}{chapter.2}% 14
\BOOKMARK [1][-]{section.2.2}{\376\377\000V\000i\000a\000b\000i\000l\000i\000t\000y\000\040\000T\000h\000e\000o\000r\000y\000\040\000a\000n\000d\000\040\000C\000o\000g\000n\000i\000t\000i\000v\000e\000\040\000B\000o\000u\000n\000d\000a\000r\000i\000e\000s}{chapter.2}% 15
\BOOKMARK [1][-]{section.2.3}{\376\377\000E\000l\000a\000s\000t\000i\000c\000\040\000v\000s\000.\000\040\000P\000l\000a\000s\000t\000i\000c\000\040\000A\000d\000a\000p\000t\000a\000t\000i\000o\000n}{chapter.2}% 16
\BOOKMARK [0][-]{chapter.3}{\376\377\000M\000a\000t\000h\000e\000m\000a\000t\000i\000c\000a\000l\000\040\000F\000o\000r\000m\000a\000l\000i\000s\000m\000:\000\040\000T\000h\000e\000\040\000G\000e\000o\000m\000e\000t\000r\000y\000\040\000o\000f\000\040\000S\000a\000n\000i\000t\000y}{}% 17
\BOOKMARK [1][-]{section.3.1}{\376\377\000T\000h\000e\000\040\0001\0002\0008\000-\000D\000i\000m\000e\000n\000s\000i\000o\000n\000a\000l\000\040\000C\000o\000g\000n\000i\000t\000i\000v\000e\000\040\000M\000a\000n\000i\000f\000o\000l\000d}{chapter.3}% 18
\BOOKMARK [1][-]{section.3.2}{\376\377\000S\000t\000a\000t\000e\000\040\000E\000v\000o\000l\000u\000t\000i\000o\000n\000\040\000D\000y\000n\000a\000m\000i\000c\000s}{chapter.3}% 19
\BOOKMARK [2][-]{subsection.3.2.1}{\376\377\000I\000n\000t\000e\000r\000p\000r\000e\000t\000i\000v\000e\000\040\000V\000i\000e\000w\000:\000\040\000S\000y\000m\000b\000o\000l\000i\000c\000\040\000T\000o\000r\000q\000u\000e\000\040\000i\000n\000\040\000C\000o\000g\000n\000i\000t\000i\000v\000e\000\040\000S\000t\000a\000t\000e\000\040\000E\000v\000o\000l\000u\000t\000i\000o\000n}{section.3.2}% 20
\BOOKMARK [1][-]{section.3.3}{\376\377\000T\000h\000e\000\040\000G\000o\000v\000e\000r\000n\000i\000n\000g\000\040\000E\000q\000u\000a\000t\000i\000o\000n\000s\000\040\000o\000f\000\040\000S\000y\000n\000t\000h\000e\000t\000i\000c\000\040\000P\000h\000y\000s\000i\000o\000l\000o\000g\000y}{chapter.3}% 21
\BOOKMARK [2][-]{subsection.3.3.1}{\376\377\000C\000o\000h\000e\000r\000e\000n\000c\000e\000\040\000\050\000C\000\051\000\040\000a\000n\000d\000\040\000t\000h\000e\000\040\000G\000e\000o\000m\000e\000t\000r\000y\000\040\000o\000f\000\040\000T\000r\000u\000t\000h}{section.3.3}% 22
\BOOKMARK [2][-]{subsection.3.3.2}{\376\377\000S\000t\000a\000t\000e\000\040\000D\000r\000i\000f\000t\000\040\000\050\000D\000\051\000\040\000a\000n\000d\000\040\000C\000o\000g\000n\000i\000t\000i\000v\000e\000\040\000V\000o\000l\000a\000t\000i\000l\000i\000t\000y}{section.3.3}% 23
\BOOKMARK [2][-]{subsection.3.3.3}{\376\377\000T\000h\000e\000\040\000C\000o\000g\000n\000i\000t\000i\000v\000e\000\040\000H\000a\000z\000a\000r\000d\000\040\000F\000u\000n\000c\000t\000i\000o\000n\000\040\000\050\000H\000\051}{section.3.3}% 24
\BOOKMARK [1][-]{section.3.4}{\376\377\000D\000y\000n\000a\000m\000i\000c\000\040\000B\000o\000u\000n\000d\000\040\000M\000a\000n\000a\000g\000e\000m\000e\000n\000t\000:\000\040\000T\000h\000e\000\040\000T\000r\000i\000-\000B\000a\000n\000d\000\040\000E\000l\000a\000s\000t\000i\000c\000\040\000H\000o\000m\000e\000o\000s\000t\000a\000s\000i\000s\000\040\000S\000y\000s\000t\000e\000m}{chapter.3}% 25
\BOOKMARK [2][-]{subsection.3.4.1}{\376\377\000T\000h\000e\000\040\000T\000h\000r\000e\000e\000\040\000C\000o\000u\000p\000l\000e\000d\000\040\000E\000l\000a\000s\000t\000i\000c\000\040\000B\000a\000n\000d\000s}{section.3.4}% 26
\BOOKMARK [2][-]{subsection.3.4.2}{\376\377\000T\000h\000e\000\040\000V\000a\000r\000i\000a\000b\000l\000e\000\040\000D\000a\000m\000p\000i\000n\000g\000\040\000F\000u\000n\000c\000t\000i\000o\000n}{section.3.4}% 27
\BOOKMARK [2][-]{subsection.3.4.3}{\376\377\000B\000a\000n\000d\000\040\000T\000r\000a\000n\000s\000i\000t\000i\000o\000n\000\040\000L\000o\000g\000i\000c\000\040\000a\000n\000d\000\040\000H\000y\000s\000t\000e\000r\000e\000s\000i\000s}{section.3.4}% 28
\BOOKMARK [2][-]{subsection.3.4.4}{\376\377\000T\000e\000m\000p\000o\000r\000a\000l\000\040\000S\000t\000r\000u\000c\000t\000u\000r\000e\000\040\000o\000f\000\040\000R\000e\000g\000u\000l\000a\000t\000o\000r\000y\000\040\000R\000e\000c\000o\000v\000e\000r\000y}{section.3.4}% 29
\BOOKMARK [2][-]{subsection.3.4.5}{\376\377\000T\000r\000i\000p\000l\000e\000-\000P\000h\000a\000s\000e\000\040\000C\000o\000g\000n\000i\000t\000i\000v\000e\000\040\000C\000y\000c\000l\000i\000n\000g\000:\000\040\000T\000e\000m\000p\000o\000r\000a\000l\000\040\000C\000o\000n\000s\000e\000q\000u\000e\000n\000c\000e\000s\000\040\000o\000f\000\040\000H\000y\000s\000t\000e\000r\000e\000s\000i\000s}{section.3.4}% 30
\BOOKMARK [2][-]{subsection.3.4.6}{\376\377\000C\000o\000n\000t\000e\000x\000t\000-\000A\000w\000a\000r\000e\000\040\000M\000u\000l\000t\000i\000p\000l\000i\000e\000r\000s}{section.3.4}% 31
\BOOKMARK [2][-]{subsection.3.4.7}{\376\377\000M\000a\000t\000h\000e\000m\000a\000t\000i\000c\000a\000l\000\040\000P\000r\000o\000p\000e\000r\000t\000i\000e\000s}{section.3.4}% 32
\BOOKMARK [1][-]{section.3.5}{\376\377\000L\000y\000a\000p\000u\000n\000o\000v\000\040\000S\000t\000a\000b\000i\000l\000i\000t\000y\000\040\000a\000n\000d\000\040\000G\000l\000o\000b\000a\000l\000\040\000A\000s\000y\000m\000p\000t\000o\000t\000i\000c\000\040\000C\000o\000n\000v\000e\000r\000g\000e\000n\000c\000e}{chapter.3}% 33
\BOOKMARK [1][-]{section.3.6}{\376\377\000S\000E\000C\000\040\000E\000m\000o\000t\000i\000o\000n\000a\000l\000\040\000G\000e\000o\000m\000e\000t\000r\000y}{chapter.3}% 34
\BOOKMARK [1][-]{section.3.7}{\376\377\000P\000h\000a\000s\000e\000\040\000L\000o\000c\000k\000\040\000O\000p\000t\000i\000m\000i\000z\000a\000t\000i\000o\000n}{chapter.3}% 35
\BOOKMARK [1][-]{section.3.8}{\376\377\000D\000e\000r\000i\000v\000a\000t\000i\000o\000n\000\040\000o\000f\000\040\000t\000h\000e\000\040\0007\0004\000\040\000D\000e\000g\000r\000e\000e\000\040\000P\000h\000a\000s\000e\000\040\000L\000o\000c\000k\000\040\000P\000o\000i\000n\000t}{chapter.3}% 36
\BOOKMARK [2][-]{subsection.3.8.1}{\376\377\000M\000a\000t\000h\000e\000m\000a\000t\000i\000c\000a\000l\000\040\000I\000n\000t\000e\000r\000p\000r\000e\000t\000a\000t\000i\000o\000n\000:\000\040\000T\000h\000e\000\040\000C\000o\000g\000n\000i\000t\000i\000v\000e\000\040\000T\000r\000i\000p\000l\000e\000\040\000P\000o\000i\000n\000t\000\040\000\050\000A\000n\000a\000l\000o\000g\000y\000\051}{section.3.8}% 37
\BOOKMARK [2][-]{subsection.3.8.2}{\376\377\000R\000o\000b\000u\000s\000t\000n\000e\000s\000s\000\040\000C\000h\000e\000c\000k\000:\000\040\000U\000n\000i\000v\000e\000r\000s\000a\000l\000i\000t\000y\000\040\000A\000c\000r\000o\000s\000s\000\040\000D\000i\000m\000e\000n\000s\000i\000o\000n\000a\000l\000i\000t\000i\000e\000s}{section.3.8}% 38
\BOOKMARK [2][-]{subsection.3.8.3}{\376\377\000F\000a\000l\000s\000i\000f\000i\000c\000a\000t\000i\000o\000n\000\040\000T\000h\000r\000e\000s\000h\000o\000l\000d\000s}{section.3.8}% 39
\BOOKMARK [0][-]{chapter.4}{\376\377\000T\000h\000e\000\040\000H\000-\000S\000e\000r\000i\000e\000s\000\040\000E\000v\000o\000l\000u\000t\000i\000o\000n\000a\000r\000y\000\040\000R\000e\000c\000o\000r\000d\000:\000\040\000E\000m\000p\000i\000r\000i\000c\000a\000l\000\040\000D\000i\000s\000c\000o\000v\000e\000r\000y}{}% 40
\BOOKMARK [1][-]{section.4.1}{\376\377\000T\000h\000e\000\040\000E\000x\000p\000e\000r\000i\000m\000e\000n\000t\000a\000l\000\040\000F\000r\000a\000m\000e\000w\000o\000r\000k}{chapter.4}% 41
\BOOKMARK [1][-]{section.4.2}{\376\377\000P\000h\000a\000s\000e\000\040\0001\000:\000\040\000H\0003\000\040\040\024\000\040\000S\000t\000r\000u\000c\000t\000u\000r\000e\000d\000\040\000R\000e\000a\000s\000o\000n\000i\000n\000g\000\040\000a\000n\000d\000\040\000t\000h\000e\000\040\000C\000o\000h\000e\000r\000e\000n\000c\000e\000\040\000C\000o\000s\000t}{chapter.4}% 42
\BOOKMARK [1][-]{section.4.3}{\376\377\000P\000h\000a\000s\000e\000\040\0002\000:\000\040\000H\0004\000\040\040\024\000\040\000E\000l\000a\000s\000t\000i\000c\000\040\000C\000o\000u\000p\000l\000i\000n\000g\000\040\000a\000n\000d\000\040\000R\000e\000s\000t\000o\000r\000a\000t\000i\000v\000e\000\040\000S\000i\000g\000n\000a\000l\000s}{chapter.4}% 43
\BOOKMARK [1][-]{section.4.4}{\376\377\000P\000h\000a\000s\000e\000\040\0003\000:\000\040\000H\0005\000\040\040\024\000\040\000T\000h\000e\000\040\000C\000o\000g\000n\000i\000t\000i\000v\000e\000\040\000C\000o\000n\000t\000r\000o\000l\000\040\000N\000e\000t\000w\000o\000r\000k\000\040\000\050\000C\000C\000N\000\051}{chapter.4}% 44
\BOOKMARK [1][-]{section.4.5}{\376\377\000P\000h\000a\000s\000e\000\040\0004\000:\000\040\000H\0006\000\040\040\024\000\040\000T\000w\000o\000-\000P\000h\000a\000s\000e\000\040\000A\000d\000a\000p\000t\000a\000t\000i\000o\000n\000\040\000a\000n\000d\000\040\000N\000e\000u\000r\000a\000l\000\040\000P\000r\000i\000m\000i\000n\000g}{chapter.4}% 45
\BOOKMARK [0][-]{chapter.5}{\376\377\000D\000o\000m\000a\000i\000n\000\040\000V\000a\000l\000i\000d\000a\000t\000i\000o\000n\000:\000\040\000E\000m\000b\000o\000d\000i\000e\000d\000\040\000C\000o\000g\000n\000i\000t\000i\000o\000n\000\040\000a\000n\000d\000\040\000E\000f\000f\000i\000c\000i\000e\000n\000c\000y\000\040\000V\000a\000l\000i\000d\000a\000t\000i\000o\000n}{}% 46
\BOOKMARK [1][-]{section.5.1}{\376\377\000T\000h\000e\000\040\000P\000r\000i\000n\000c\000i\000p\000l\000e\000\040\000o\000f\000\040\000E\000m\000b\000o\000d\000i\000e\000d\000\040\000C\000o\000m\000p\000u\000t\000a\000t\000i\000o\000n}{chapter.5}% 47
\BOOKMARK [1][-]{section.5.2}{\376\377\000S\000E\000C\000\040\000O\000n\000t\000o\000l\000o\000g\000y\000\040\000V\000a\000l\000i\000d\000a\000t\000i\000o\000n}{chapter.5}% 48
\BOOKMARK [1][-]{section.5.3}{\376\377\000F\000i\000n\000a\000n\000c\000i\000a\000l\000\040\000C\000o\000m\000p\000l\000i\000a\000n\000c\000e\000:\000\040\000T\000a\000x\000\040\000a\000n\000d\000\040\000C\000r\000y\000p\000t\000o\000c\000u\000r\000r\000e\000n\000c\000y\000\040\000N\000a\000r\000r\000a\000t\000i\000v\000e\000\040\000L\000i\000n\000k\000i\000n\000g}{chapter.5}% 49
\BOOKMARK [1][-]{section.5.4}{\376\377\000P\000h\000y\000s\000i\000c\000a\000l\000\040\000C\000o\000u\000p\000l\000i\000n\000g\000:\000\040\000T\000h\000e\000\040\000N\000a\000v\000i\000e\000r\000-\000S\000t\000o\000k\000e\000s\000\040\000F\000l\000u\000i\000d\000\040\000D\000y\000n\000a\000m\000i\000c\000s\000\040\000S\000o\000l\000v\000e\000r}{chapter.5}% 50
\BOOKMARK [1][-]{section.5.5}{\376\377\000E\000f\000f\000i\000c\000i\000e\000n\000c\000y\000\040\000V\000a\000l\000i\000d\000a\000t\000i\000o\000n\000\040\000a\000n\000d\000\040\000R\000e\000s\000o\000u\000r\000c\000e\000\040\000C\000o\000n\000s\000t\000r\000a\000i\000n\000t\000s}{chapter.5}% 51
\BOOKMARK [2][-]{subsection.5.5.1}{\376\377\000F\000a\000l\000s\000i\000f\000i\000c\000a\000t\000i\000o\000n\000:\000\040\000D\000e\000m\000o\000n\000s\000t\000r\000a\000t\000i\000n\000g\000\040\000E\000m\000e\000r\000g\000e\000n\000t\000\040\000C\000o\000m\000p\000e\000t\000e\000n\000c\000e}{section.5.5}% 52
\BOOKMARK [2][-]{subsection.5.5.2}{\376\377\000A\000g\000g\000r\000e\000g\000a\000t\000e\000\040\000P\000e\000r\000f\000o\000r\000m\000a\000n\000c\000e\000\040\000S\000u\000m\000m\000a\000r\000y}{section.5.5}% 53
\BOOKMARK [0][-]{chapter.6}{\376\377\000S\000y\000n\000t\000h\000e\000s\000i\000s\000:\000\040\000T\000h\000e\000\040\000F\000u\000t\000u\000r\000e\000\040\000o\000f\000\040\000S\000y\000n\000t\000h\000e\000t\000i\000c\000\040\000L\000i\000f\000e}{}% 54
\BOOKMARK [1][-]{section.6.1}{\376\377\000I\000n\000t\000e\000l\000l\000i\000g\000e\000n\000c\000e\000\040\000a\000s\000\040\000a\000\040\000R\000e\000g\000u\000l\000a\000t\000o\000r\000y\000\040\000P\000r\000o\000p\000e\000r\000t\000y}{chapter.6}% 55
\BOOKMARK [2][-]{subsection.6.1.1}{\376\377\000T\000h\000e\000\040\000E\000t\000h\000i\000c\000s\000\040\000o\000f\000\040\000S\000y\000n\000t\000h\000e\000t\000i\000c\000\040\000H\000o\000m\000e\000o\000s\000t\000a\000s\000i\000s\000:\000\040\000I\000n\000t\000r\000i\000n\000s\000i\000c\000\040\000A\000l\000i\000g\000n\000m\000e\000n\000t}{section.6.1}% 56
\BOOKMARK [2][-]{subsection.6.1.2}{\376\377\000T\000h\000e\000\040\000L\000o\000c\000a\000l\000\040\000E\000x\000e\000c\000u\000t\000i\000o\000n\000\040\000C\000o\000n\000s\000t\000r\000a\000i\000n\000t\000\040\000a\000n\000d\000\040\000R\000e\000g\000u\000l\000a\000t\000o\000r\000y\000\040\000I\000n\000t\000e\000g\000r\000i\000t\000y}{section.6.1}% 57
\BOOKMARK [2][-]{subsection.6.1.3}{\376\377\000L\000i\000m\000i\000t\000a\000t\000i\000o\000n\000s\000\040\000a\000n\000d\000\040\000F\000u\000t\000u\000r\000e\000\040\000D\000i\000r\000e\000c\000t\000i\000o\000n\000s}{section.6.1}% 58
\BOOKMARK [1][-]{section.6.2}{\376\377\000C\000r\000i\000t\000i\000c\000a\000l\000\040\000R\000e\000v\000i\000e\000w\000e\000r\000\040\000C\000o\000n\000c\000e\000r\000n\000s\000\040\000a\000n\000d\000\040\000R\000e\000s\000p\000o\000n\000s\000e\000s}{chapter.6}% 59
\BOOKMARK [2][-]{subsection.6.2.1}{\376\377\000P\000a\000r\000a\000d\000i\000g\000m\000a\000t\000i\000c\000\040\000C\000o\000m\000p\000a\000r\000i\000s\000o\000n\000:\000\040\000R\000e\000g\000u\000l\000a\000t\000o\000r\000y\000\040\000E\000m\000e\000r\000g\000e\000n\000c\000e\000\040\000v\000s\000.\000\040\000S\000t\000a\000t\000i\000s\000t\000i\000c\000a\000l\000\040\000O\000p\000t\000i\000m\000i\000z\000a\000t\000i\000o\000n}{section.6.2}% 60
\BOOKMARK [2][-]{subsection.6.2.2}{\376\377\000W\000h\000a\000t\000\040\000R\000e\000g\000u\000l\000a\000t\000o\000r\000y\000\040\000I\000n\000t\000e\000l\000l\000i\000g\000e\000n\000c\000e\000\040\000E\000n\000a\000b\000l\000e\000s\000\040\000\050\000a\000n\000d\000\040\000W\000h\000a\000t\000\040\000I\000t\000\040\000D\000o\000e\000s\000n\000'\000t\000\051}{section.6.2}% 61
\BOOKMARK [1][-]{section.6.3}{\376\377\000P\000r\000a\000c\000t\000i\000c\000a\000l\000\040\000U\000t\000i\000l\000i\000t\000y\000\040\000f\000o\000r\000\040\000t\000h\000e\000\040\000B\000r\000o\000a\000d\000e\000r\000\040\000A\000I\000\040\000C\000o\000m\000m\000u\000n\000i\000t\000y}{chapter.6}% 62
\BOOKMARK [2][-]{subsection.6.3.1}{\376\377\000O\000r\000g\000a\000n\000i\000s\000m\000-\000L\000i\000k\000e\000\040\000M\000e\000t\000a\000p\000h\000o\000r\000\040\000i\000n\000\040\000R\000e\000g\000u\000l\000a\000t\000o\000r\000y\000\040\000S\000y\000s\000t\000e\000m\000s\000\040\000\050\000O\000p\000e\000r\000a\000t\000i\000o\000n\000a\000l\000\040\000C\000l\000a\000r\000i\000f\000i\000c\000a\000t\000i\000o\000n\000\051}{section.6.3}% 63
\BOOKMARK [2][-]{subsection.6.3.2}{\376\377\000F\000i\000n\000a\000l\000\040\000C\000o\000n\000c\000l\000u\000d\000i\000n\000g\000\040\000R\000e\000m\000a\000r\000k\000s}{section.6.3}% 64
\BOOKMARK [1][-]{section.6.4}{\376\377\000D\000a\000t\000a\000\040\000a\000n\000d\000\040\000C\000o\000d\000e\000\040\000A\000v\000a\000i\000l\000a\000b\000i\000l\000i\000t\000y}{chapter.6}% 65
\BOOKMARK [0][-]{appendix.A}{\376\377\000C\000o\000m\000p\000l\000e\000t\000e\000\040\000F\000a\000l\000s\000i\000f\000i\000c\000a\000t\000i\000o\000n\000\040\000T\000e\000s\000t\000\040\000R\000e\000s\000u\000l\000t\000s}{}% 66
\BOOKMARK [0][-]{appendix.B}{\376\377\000H\000-\000S\000e\000r\000i\000e\000s\000\040\000E\000x\000p\000e\000r\000i\000m\000e\000n\000t\000a\000l\000\040\000T\000i\000m\000e\000l\000i\000n\000e}{}% 67
\BOOKMARK [1][-]{section.B.1}{\376\377\000O\000v\000e\000r\000v\000i\000e\000w}{appendix.B}% 68
\BOOKMARK [0][-]{appendix.C}{\376\377\000D\000e\000t\000a\000i\000l\000e\000d\000\040\000M\000a\000t\000h\000e\000m\000a\000t\000i\000c\000a\000l\000\040\000D\000e\000r\000i\000v\000a\000t\000i\000o\000n\000s}{}% 69
\BOOKMARK [1][-]{section.C.1}{\376\377\000T\000h\000e\000o\000r\000e\000m\000\040\0003\000.\0001\000:\000\040\000H\000o\000m\000e\000o\000s\000t\000a\000t\000i\000c\000\040\000S\000t\000a\000b\000i\000l\000i\000t\000y\000\040\000U\000n\000d\000e\000r\000\040\000P\000e\000r\000t\000u\000r\000b\000a\000t\000i\000o\000n}{appendix.C}% 70
\BOOKMARK [1][-]{section.C.2}{\376\377\000T\000h\000e\000o\000r\000e\000m\000\040\0003\000.\0002\000:\000\040\000S\000E\000C\000\040\000G\000e\000o\000m\000e\000t\000r\000i\000c\000\040\000V\000a\000l\000i\000d\000i\000t\000y}{appendix.C}% 71
\BOOKMARK [1][-]{section.C.3}{\376\377\000T\000h\000e\000o\000r\000e\000m\000\040\0003\000.\0003\000:\000\040\000O\000p\000t\000i\000m\000a\000l\000\040\000P\000h\000a\000s\000e\000-\000L\000o\000c\000k}{appendix.C}% 72
\BOOKMARK [1][-]{section.C.4}{\376\377\000T\000h\000e\000o\000r\000e\000m\000\040\0003\000.\0004\000:\000\040\000L\000e\000a\000r\000n\000i\000n\000g\000\040\000E\000x\000c\000l\000u\000s\000i\000o\000n}{appendix.C}% 73
\BOOKMARK [0][-]{appendix.D}{\376\377\000I\000m\000p\000l\000e\000m\000e\000n\000t\000a\000t\000i\000o\000n\000\040\000N\000o\000t\000e\000s}{}% 74
\BOOKMARK [1][-]{section.D.1}{\376\377\000H\000u\000m\000a\000n\040\023\000A\000I\000\040\000C\000o\000l\000l\000a\000b\000o\000r\000a\000t\000i\000o\000n\000\040\000S\000t\000a\000t\000e\000m\000e\000n\000t}{appendix.D}% 75
\BOOKMARK [0][-]{appendix.E}{\376\377\000S\000y\000s\000t\000e\000m\000\040\000M\000a\000p\000p\000i\000n\000g}{}% 76
\BOOKMARK [0][-]{appendix.F}{\376\377\000M\000M\000L\000U\000\040\000U\000s\000a\000g\000e\000\040\000F\000r\000a\000m\000e\000w\000o\000r\000k\000:\000\040\000C\000o\000g\000n\000i\000t\000i\000v\000e\000\040\000S\000t\000r\000e\000s\000s\000\040\000T\000e\000s\000t\000i\000n\000g}{}% 77
\BOOKMARK [1][-]{section.F.1}{\376\377\000M\000M\000L\000U\000\040\000a\000s\000\040\000C\000o\000g\000n\000i\000t\000i\000v\000e\000\040\000S\000t\000r\000e\000s\000s\000o\000r\000,\000\040\000N\000o\000t\000\040\000P\000e\000r\000f\000o\000r\000m\000a\000n\000c\000e\000\040\000B\000e\000n\000c\000h\000m\000a\000r\000k}{appendix.F}% 78
\BOOKMARK [1][-]{section.F.2}{\376\377\000P\000r\000o\000o\000f\000\040\000o\000f\000\040\000P\000r\000o\000t\000e\000c\000t\000i\000v\000e\000\040\000M\000e\000c\000h\000a\000n\000i\000s\000m\000s}{appendix.F}% 79
\BOOKMARK [1][-]{section.F.3}{\376\377\000V\000a\000l\000i\000d\000a\000t\000i\000n\000g\000\040\000O\000r\000g\000a\000n\000i\000s\000m\000-\000L\000i\000k\000e\000\040\000B\000e\000h\000a\000v\000i\000o\000r}{appendix.F}% 80
\BOOKMARK [1][-]{section.F.4}{\376\377\000F\000r\000a\000m\000e\000\040\000L\000o\000c\000k\000\040\000f\000o\000r\000\040\000S\000c\000i\000e\000n\000t\000i\000f\000i\000c\000\040\000R\000i\000g\000o\000r}{appendix.F}% 81
\BOOKMARK [1][-]{section.F.5}{\376\377\000I\000n\000t\000e\000g\000r\000a\000t\000e\000d\000\040\000A\000s\000s\000e\000s\000s\000m\000e\000n\000t\000:\000\040\000F\000r\000o\000m\000\040\000M\000o\000d\000e\000l\000\040\000t\000o\000\040\000O\000r\000g\000a\000n\000i\000s\000m}{appendix.F}% 82
\BOOKMARK [0][-]{appendix.G}{\376\377\000K\000e\000y\000\040\000R\000e\000g\000u\000l\000a\000t\000o\000r\000y\000\040\000T\000e\000r\000m\000s}{}% 83
\BOOKMARK [0][-]{appendix.A}{\376\377\000V\000e\000r\000b\000a\000t\000i\000m\000\040\000I\000n\000t\000e\000r\000a\000c\000t\000i\000o\000n\000\040\000A\000r\000t\000i\000f\000a\000c\000t\000:\000\040\000L\000i\000v\000e\000\040\000H\000a\000l\000l\000u\000c\000i\000n\000a\000t\000i\000o\000n\000\040\000a\000n\000d\000\040\000P\000a\000u\000s\000e\000-\000G\000a\000t\000e\000d\000\040\000R\000e\000c\000o\000v\000e\000r\000y}{}% 84
\BOOKMARK [0][-]{appendix.B}{\376\377\000V\000e\000r\000b\000a\000t\000i\000m\000\040\000I\000n\000t\000e\000r\000a\000c\000t\000i\000o\000n\000\040\000A\000r\000t\000i\000f\000a\000c\000t\000:\000\040\000L\000i\000v\000e\000\040\000H\000a\000l\000l\000u\000c\000i\000n\000a\000t\000i\000o\000n\000\040\000a\000n\000d\000\040\000P\000a\000u\000s\000e\000-\000G\000a\000t\000e\000d\000\040\000R\000e\000c\000o\000v\000e\000r\000y}{}% 85
