\BOOKMARK [1][-]{section.0.1}{\376\377\000I\000n\000t\000r\000o\000d\000u\000c\000t\000i\000o\000n\000:\000\040\000F\000r\000o\000m\000\040\000O\000p\000t\000i\000m\000i\000z\000a\000t\000i\000o\000n\000\040\000t\000o\000\040\000V\000i\000a\000b\000i\000l\000i\000t\000y}{}% 1
\BOOKMARK [1][-]{section.0.2}{\376\377\000T\000h\000e\000\040\000R\000e\000g\000u\000l\000a\000t\000o\000r\000y\000\040\000I\000n\000t\000e\000l\000l\000i\000g\000e\000n\000c\000e\000\040\000H\000y\000p\000o\000t\000h\000e\000s\000i\000s}{}% 2
\BOOKMARK [2][-]{subsection.0.2.1}{\376\377\000A\000r\000c\000h\000i\000t\000e\000c\000t\000u\000r\000a\000l\000\040\000C\000o\000m\000m\000i\000t\000m\000e\000n\000t\000s\000\040\000o\000f\000\040\000R\000I}{section.0.2}% 3
\BOOKMARK [3][-]{subsubsection.0.2.1.1}{\376\377\0001\000.\000\040\000H\000o\000m\000e\000o\000s\000t\000a\000t\000i\000c\000\040\000p\000r\000i\000m\000a\000c\000y}{subsection.0.2.1}% 4
\BOOKMARK [3][-]{subsubsection.0.2.1.2}{\376\377\0002\000.\000\040\000E\000l\000a\000s\000t\000i\000c\000,\000\040\000n\000o\000t\000\040\000p\000l\000a\000s\000t\000i\000c\000,\000\040\000a\000d\000a\000p\000t\000a\000t\000i\000o\000n}{subsection.0.2.1}% 5
\BOOKMARK [3][-]{subsubsection.0.2.1.3}{\376\377\0003\000.\000\040\000O\000b\000s\000e\000r\000v\000a\000b\000l\000e\000\040\000c\000o\000g\000n\000i\000t\000i\000v\000e\000\040\000p\000h\000y\000s\000i\000o\000l\000o\000g\000y}{subsection.0.2.1}% 6
\BOOKMARK [3][-]{subsubsection.0.2.1.4}{\376\377\0004\000.\000\040\000C\000l\000e\000a\000n\040\021\000s\000l\000a\000t\000e\000\040\000i\000n\000s\000t\000a\000n\000t\000i\000a\000t\000i\000o\000n}{subsection.0.2.1}% 7
\BOOKMARK [3][-]{subsubsection.0.2.1.5}{\376\377\0005\000.\000\040\000R\000e\000g\000u\000l\000a\000t\000i\000o\000n\040\021\000f\000i\000r\000s\000t\000\040\000d\000e\000s\000i\000g\000n}{subsection.0.2.1}% 8
\BOOKMARK [2][-]{subsection.0.2.2}{\376\377\000I\000m\000p\000l\000i\000c\000a\000t\000i\000o\000n\000s\000\040\000o\000f\000\040\000t\000h\000e\000\040\000R\000I\000\040\000H\000y\000p\000o\000t\000h\000e\000s\000i\000s}{section.0.2}% 9
\BOOKMARK [1][-]{section.0.3}{\376\377\000S\000p\000i\000r\000a\000l\000B\000r\000a\000i\000n\000\040\000v\0003\000.\0000\000:\000\040\000A\000\040\000R\000e\000g\000u\000l\000a\000t\000e\000d\000\040\000C\000o\000g\000n\000i\000t\000i\000v\000e\000\040\000O\000r\000g\000a\000n\000i\000s\000m}{}% 10
\BOOKMARK [2][-]{subsection.0.3.1}{\376\377\000G\000e\000o\000m\000e\000t\000r\000i\000c\000\040\000S\000u\000b\000s\000t\000r\000a\000t\000e}{section.0.3}% 11
\BOOKMARK [2][-]{subsection.0.3.2}{\376\377\000C\000o\000g\000n\000i\000t\000i\000v\000e\000\040\000T\000o\000p\000o\000l\000o\000g\000y}{section.0.3}% 12
\BOOKMARK [2][-]{subsection.0.3.3}{\376\377\000R\000e\000g\000u\000l\000a\000t\000o\000r\000y\000\040\000C\000o\000r\000e}{section.0.3}% 13
\BOOKMARK [2][-]{subsection.0.3.4}{\376\377\000A\000f\000f\000e\000c\000t\000i\000v\000e\000\040\000C\000o\000n\000t\000r\000o\000l}{section.0.3}% 14
\BOOKMARK [3][-]{subsubsection.0.3.4.1}{\376\377\000I\000l\000l\000u\000s\000t\000r\000a\000t\000i\000v\000e\000\040\000R\000e\000g\000u\000l\000a\000t\000o\000r\000y\000\040\000D\000y\000n\000a\000m\000i\000c\000s}{subsection.0.3.4}% 15
\BOOKMARK [2][-]{subsection.0.3.5}{\376\377\000S\000u\000m\000m\000a\000r\000y}{section.0.3}% 16
\BOOKMARK [3][-]{subsubsection.0.3.5.1}{\376\377\000C\000o\000m\000p\000a\000r\000a\000t\000i\000v\000e\000\040\000P\000o\000s\000i\000t\000i\000o\000n\000i\000n\000g}{subsection.0.3.5}% 17
\BOOKMARK [1][-]{section.0.4}{\376\377\000M\000e\000t\000a\000-\000A\000r\000c\000h\000i\000t\000e\000c\000t\000u\000r\000e\000\040\000O\000v\000e\000r\000v\000i\000e\000w}{}% 18
\BOOKMARK [2][-]{subsection.0.4.1}{\376\377\000T\000h\000e\000\040\000M\000e\000t\000a\040\021\000A\000r\000c\000h\000i\000t\000e\000c\000t\000u\000r\000e\000\040\000a\000t\000\040\000a\000\040\000G\000l\000a\000n\000c\000e}{section.0.4}% 19
\BOOKMARK [2][-]{subsection.0.4.2}{\376\377\000M\000e\000t\000a\040\021\000A\000r\000c\000h\000i\000t\000e\000c\000t\000u\000r\000e\000\040\000D\000i\000a\000g\000r\000a\000m}{section.0.4}% 20
\BOOKMARK [2][-]{subsection.0.4.3}{\376\377\000H\000o\000w\000\040\000t\000h\000e\000\040\000P\000a\000p\000e\000r\000s\000\040\000F\000i\000t\000\040\000T\000o\000g\000e\000t\000h\000e\000r}{section.0.4}% 21
\BOOKMARK [3][-]{subsubsection.0.4.3.1}{\376\377\000R\000e\000g\000u\000l\000a\000t\000o\000r\000y\000\040\000P\000a\000r\000a\000d\000i\000g\000m}{subsection.0.4.3}% 22
\BOOKMARK [3][-]{subsubsection.0.4.3.2}{\376\377\000G\000e\000o\000m\000e\000t\000r\000i\000c\000\040\000S\000u\000b\000s\000t\000r\000a\000t\000e}{subsection.0.4.3}% 23
\BOOKMARK [3][-]{subsubsection.0.4.3.3}{\376\377\000C\000o\000g\000n\000i\000t\000i\000v\000e\000\040\000T\000o\000p\000o\000l\000o\000g\000y}{subsection.0.4.3}% 24
\BOOKMARK [3][-]{subsubsection.0.4.3.4}{\376\377\000R\000e\000g\000u\000l\000a\000t\000o\000r\000y\000\040\000C\000o\000r\000e}{subsection.0.4.3}% 25
\BOOKMARK [3][-]{subsubsection.0.4.3.5}{\376\377\000A\000f\000f\000e\000c\000t\000i\000v\000e\000\040\000C\000o\000n\000t\000r\000o\000l}{subsection.0.4.3}% 26
\BOOKMARK [3][-]{subsubsection.0.4.3.6}{\376\377\000P\000h\000a\000s\000e\040\021\000L\000o\000c\000k\000\040\000a\000n\000d\000\040\000E\000l\000a\000s\000t\000i\000c\000\040\000C\000o\000u\000p\000l\000i\000n\000g}{subsection.0.4.3}% 27
\BOOKMARK [3][-]{subsubsection.0.4.3.7}{\376\377\000E\000m\000p\000i\000r\000i\000c\000a\000l\000\040\000P\000h\000y\000s\000i\000o\000l\000o\000g\000y\000\040\000a\000n\000d\000\040\000S\000t\000r\000e\000s\000s\000\040\000T\000e\000s\000t\000i\000n\000g}{subsection.0.4.3}% 28
\BOOKMARK [2][-]{subsection.0.4.4}{\376\377\000W\000h\000y\000\040\000a\000\040\000M\000e\000t\000a\040\021\000A\000r\000c\000h\000i\000t\000e\000c\000t\000u\000r\000e\000\040\000M\000a\000t\000t\000e\000r\000s}{section.0.4}% 29
\BOOKMARK [1][-]{section.0.5}{\376\377\000E\000m\000p\000i\000r\000i\000c\000a\000l\000\040\000F\000i\000n\000d\000i\000n\000g\000s\000\040\000A\000c\000r\000o\000s\000s\000\040\000t\000h\000e\000\040\000R\000e\000g\000u\000l\000a\000t\000o\000r\000y\000\040\000I\000n\000t\000e\000l\000l\000i\000g\000e\000n\000c\000e\000\040\000P\000r\000o\000g\000r\000a\000m}{}% 30
\BOOKMARK [2][-]{subsection.0.5.1}{\376\377\000S\000t\000a\000b\000i\000l\000i\000t\000y\000\040\000a\000n\000d\000\040\000H\000o\000m\000e\000o\000s\000t\000a\000s\000i\000s}{section.0.5}% 31
\BOOKMARK [2][-]{subsection.0.5.2}{\376\377\000E\000l\000a\000s\000t\000i\000c\000\040\000A\000d\000a\000p\000t\000a\000t\000i\000o\000n\000\040\000W\000i\000t\000h\000o\000u\000t\000\040\000L\000e\000a\000r\000n\000i\000n\000g}{section.0.5}% 32
\BOOKMARK [2][-]{subsection.0.5.3}{\376\377\000P\000h\000a\000s\000e\040\021\000L\000o\000c\000k\000\040\000S\000t\000a\000b\000i\000l\000i\000t\000y\000\040\000R\000e\000g\000i\000o\000n}{section.0.5}% 33
\BOOKMARK [2][-]{subsection.0.5.4}{\376\377\000B\000e\000n\000c\000h\000m\000a\000r\000k\000\040\000B\000e\000h\000a\000v\000i\000o\000r\000\040\000U\000n\000d\000e\000r\000\040\000S\000t\000r\000e\000s\000s}{section.0.5}% 34
\BOOKMARK [2][-]{subsection.0.5.5}{\376\377\000D\000o\000m\000a\000i\000n\000\040\000C\000o\000m\000p\000e\000t\000e\000n\000c\000e\000\040\000T\000h\000r\000o\000u\000g\000h\000\040\000R\000e\000g\000u\000l\000a\000t\000i\000o\000n}{section.0.5}% 35
\BOOKMARK [2][-]{subsection.0.5.6}{\376\377\000U\000n\000i\000f\000i\000e\000d\000\040\000P\000h\000y\000s\000i\000o\000l\000o\000g\000i\000c\000a\000l\000\040\000P\000r\000o\000f\000i\000l\000e}{section.0.5}% 36
\BOOKMARK [1][-]{section.0.6}{\376\377\000F\000a\000l\000s\000i\000f\000i\000c\000a\000t\000i\000o\000n\000\040\000a\000n\000d\000\040\000N\000o\000n\040\021\000L\000e\000a\000r\000n\000i\000n\000g\000\040\000V\000e\000r\000i\000f\000i\000c\000a\000t\000i\000o\000n}{}% 37
\BOOKMARK [2][-]{subsection.0.6.1}{\376\377\000C\000l\000e\000a\000n\040\021\000S\000l\000a\000t\000e\000\040\000I\000n\000i\000t\000i\000a\000l\000i\000z\000a\000t\000i\000o\000n}{section.0.6}% 38
\BOOKMARK [2][-]{subsection.0.6.2}{\376\377\000F\000a\000l\000s\000i\000f\000i\000c\000a\000t\000i\000o\000n\000\040\000P\000r\000o\000t\000o\000c\000o\000l\000s}{section.0.6}% 39
\BOOKMARK [3][-]{subsubsection.0.6.2.1}{\376\377\0001\000.\000\040\000C\000r\000o\000s\000s\040\021\000R\000u\000n\000\040\000P\000e\000r\000f\000o\000r\000m\000a\000n\000c\000e\000\040\000C\000o\000r\000r\000e\000l\000a\000t\000i\000o\000n}{subsection.0.6.2}% 40
\BOOKMARK [3][-]{subsubsection.0.6.2.2}{\376\377\0002\000.\000\040\000P\000a\000r\000a\000m\000e\000t\000e\000r\000\040\000M\000u\000t\000a\000t\000i\000o\000n\000\040\000N\000o\000r\000m\000s}{subsection.0.6.2}% 41
\BOOKMARK [3][-]{subsubsection.0.6.2.3}{\376\377\0003\000.\000\040\000I\000n\000i\000t\000i\000a\000l\000\040\000S\000t\000a\000t\000e\000\040\000C\000h\000e\000c\000k\000s\000u\000m\000s}{subsection.0.6.2}% 42
\BOOKMARK [3][-]{subsubsection.0.6.2.4}{\376\377\0004\000.\000\040\000D\000r\000i\000f\000t\000\040\000a\000n\000d\000\040\000H\000a\000z\000a\000r\000d\000\040\000P\000r\000o\000f\000i\000l\000e\000s\000\040\000A\000c\000r\000o\000s\000s\000\040\000R\000u\000n\000s}{subsection.0.6.2}% 43
\BOOKMARK [2][-]{subsection.0.6.3}{\376\377\000E\000l\000a\000s\000t\000i\000c\000\040\000A\000d\000a\000p\000t\000a\000t\000i\000o\000n\000\040\000W\000i\000t\000h\000i\000n\000\040\000R\000u\000n\000s}{section.0.6}% 44
\BOOKMARK [2][-]{subsection.0.6.4}{\376\377\000W\000h\000y\000\040\000N\000o\000n\040\021\000L\000e\000a\000r\000n\000i\000n\000g\000\040\000M\000a\000t\000t\000e\000r\000s}{section.0.6}% 45
\BOOKMARK [2][-]{subsection.0.6.5}{\376\377\000S\000u\000m\000m\000a\000r\000y}{section.0.6}% 46
\BOOKMARK [1][-]{section.0.7}{\376\377\000M\000e\000a\000s\000u\000r\000i\000n\000g\000\040\000C\000o\000g\000n\000i\000t\000i\000v\000e\000\040\000I\000n\000t\000e\000g\000r\000i\000t\000y}{}% 47
\BOOKMARK [1][-]{section.0.8}{\376\377\000W\000h\000a\000t\000\040\000R\000e\000g\000u\000l\000a\000t\000o\000r\000y\000\040\000I\000n\000t\000e\000l\000l\000i\000g\000e\000n\000c\000e\000\040\000I\000s\040\024\000a\000n\000d\000\040\000I\000s\000\040\000N\000o\000t}{}% 48
\BOOKMARK [1][-]{section.0.9}{\376\377\000R\000e\000v\000i\000e\000w\000e\000r\000-\000F\000a\000c\000i\000n\000g\000\040\000C\000l\000a\000r\000i\000f\000i\000c\000a\000t\000i\000o\000n\000s}{}% 49
\BOOKMARK [2][-]{subsection.0.9.1}{\376\377\000I\000s\000\040\000t\000h\000e\000\040\0007\0004\000\040\000d\000e\000g\000r\000e\000e\000s\000\040\000P\000h\000a\000s\000e\000-\000L\000o\000c\000k\000\040\000A\000n\000g\000l\000e\000\040\000A\000r\000b\000i\000t\000r\000a\000r\000y\000\040\000o\000r\000\040\000O\000v\000e\000r\000f\000i\000t\000t\000e\000d\000?}{section.0.9}% 50
\BOOKMARK [2][-]{subsection.0.9.2}{\376\377\000H\000o\000w\000\040\000D\000o\000\040\000W\000e\000\040\000K\000n\000o\000w\000\040\000t\000h\000e\000\040\000S\000y\000s\000t\000e\000m\000\040\000I\000s\000\040\000N\000o\000t\000\040\000L\000e\000a\000r\000n\000i\000n\000g\000?}{section.0.9}% 51
\BOOKMARK [2][-]{subsection.0.9.3}{\376\377\000W\000h\000y\000\040\000I\000s\000\040\000B\000e\000n\000c\000h\000m\000a\000r\000k\000\040\000P\000e\000r\000f\000o\000r\000m\000a\000n\000c\000e\000\040\000\050\000e\000.\000g\000.\000,\000\040\000M\000M\000L\000U\000\051\000\040\000I\000n\000t\000e\000n\000t\000i\000o\000n\000a\000l\000l\000y\000\040\000L\000o\000w\000?}{section.0.9}% 52
\BOOKMARK [2][-]{subsection.0.9.4}{\376\377\000W\000h\000a\000t\000\040\000I\000s\000\040\000N\000o\000v\000e\000l\000\040\000A\000b\000o\000u\000t\000\040\000R\000e\000g\000u\000l\000a\000t\000o\000r\000y\000\040\000I\000n\000t\000e\000l\000l\000i\000g\000e\000n\000c\000e\000?}{section.0.9}% 53
\BOOKMARK [2][-]{subsection.0.9.5}{\376\377\000D\000o\000e\000s\000\040\000S\000p\000i\000r\000a\000l\000B\000r\000a\000i\000n\000\040\000C\000l\000a\000i\000m\000\040\000B\000i\000o\000l\000o\000g\000i\000c\000a\000l\000\040\000F\000i\000d\000e\000l\000i\000t\000y\000\040\000o\000r\000\040\000C\000o\000n\000s\000c\000i\000o\000u\000s\000n\000e\000s\000s\000?}{section.0.9}% 54
\BOOKMARK [2][-]{subsection.0.9.6}{\376\377\000I\000s\000\040\000R\000e\000g\000u\000l\000a\000t\000o\000r\000y\000\040\000I\000n\000t\000e\000l\000l\000i\000g\000e\000n\000c\000e\000\040\000C\000o\000m\000p\000a\000t\000i\000b\000l\000e\000\040\000w\000i\000t\000h\000\040\000L\000e\000a\000r\000n\000i\000n\000g\000\040\000S\000y\000s\000t\000e\000m\000s\000?}{section.0.9}% 55
\BOOKMARK [2][-]{subsection.0.9.7}{\376\377\000D\000o\000e\000s\000\040\000t\000h\000e\000\040\000A\000r\000c\000h\000i\000t\000e\000c\000t\000u\000r\000e\000\040\000O\000v\000e\000r\000f\000i\000t\000\040\000t\000o\000\040\000I\000t\000s\000\040\000O\000w\000n\000\040\000M\000e\000t\000r\000i\000c\000s\000?}{section.0.9}% 56
\BOOKMARK [2][-]{subsection.0.9.8}{\376\377\000S\000u\000m\000m\000a\000r\000y}{section.0.9}% 57
\BOOKMARK [1][-]{section.0.10}{\376\377\000I\000m\000p\000l\000i\000c\000a\000t\000i\000o\000n\000s\000\040\000o\000f\000\040\000t\000h\000e\000\040\000R\000e\000g\000u\000l\000a\000t\000o\000r\000y\000\040\000I\000n\000t\000e\000l\000l\000i\000g\000e\000n\000c\000e\000\040\000P\000a\000r\000a\000d\000i\000g\000m}{}% 58
\BOOKMARK [2][-]{subsection.0.10.1}{\376\377\000S\000t\000a\000b\000i\000l\000i\000t\000y\000\040\000a\000s\000\040\000a\000\040\000P\000r\000i\000m\000a\000r\000y\000\040\000D\000e\000s\000i\000g\000n\000\040\000A\000x\000i\000s}{section.0.10}% 59
\BOOKMARK [2][-]{subsection.0.10.2}{\376\377\000I\000n\000t\000r\000i\000n\000s\000i\000c\000\040\000A\000l\000i\000g\000n\000m\000e\000n\000t\000\040\000T\000h\000r\000o\000u\000g\000h\000\040\000P\000h\000y\000s\000i\000o\000l\000o\000g\000y}{section.0.10}% 60
\BOOKMARK [2][-]{subsection.0.10.3}{\376\377\000H\000y\000b\000r\000i\000d\000\040\000A\000r\000c\000h\000i\000t\000e\000c\000t\000u\000r\000e\000s\000:\000\040\000R\000I\000\040\000a\000s\000\040\000a\000\040\000S\000t\000a\000b\000i\000l\000i\000t\000y\000\040\000S\000u\000b\000s\000t\000r\000a\000t\000e}{section.0.10}% 61
\BOOKMARK [2][-]{subsection.0.10.4}{\376\377\000S\000c\000i\000e\000n\000t\000i\000f\000i\000c\000\040\000T\000r\000a\000c\000t\000a\000b\000i\000l\000i\000t\000y\000\040\000a\000n\000d\000\040\000F\000a\000l\000s\000i\000f\000i\000a\000b\000i\000l\000i\000t\000y}{section.0.10}% 62
\BOOKMARK [2][-]{subsection.0.10.5}{\376\377\000R\000e\000f\000r\000a\000m\000i\000n\000g\000\040\000C\000o\000g\000n\000i\000t\000i\000v\000e\000\040\000E\000v\000a\000l\000u\000a\000t\000i\000o\000n}{section.0.10}% 63
\BOOKMARK [2][-]{subsection.0.10.6}{\376\377\000T\000o\000w\000a\000r\000d\000\040\000a\000\040\000G\000e\000n\000e\000r\000a\000l\000\040\000T\000h\000e\000o\000r\000y\000\040\000o\000f\000\040\000R\000e\000g\000u\000l\000a\000t\000e\000d\000\040\000C\000o\000g\000n\000i\000t\000i\000o\000n}{section.0.10}% 64
\BOOKMARK [2][-]{subsection.0.10.7}{\376\377\000S\000u\000m\000m\000a\000r\000y}{section.0.10}% 65
\BOOKMARK [1][-]{section.0.11}{\376\377\000C\000r\000o\000s\000s\000-\000P\000a\000p\000e\000r\000\040\000G\000l\000o\000s\000s\000a\000r\000y}{}% 66
\BOOKMARK [1][-]{section.0.12}{\376\377\000F\000u\000t\000u\000r\000e\000\040\000R\000o\000a\000d\000m\000a\000p}{}% 67
\BOOKMARK [2][-]{subsection.0.12.1}{\376\377\000C\000o\000n\000s\000o\000l\000i\000d\000a\000t\000i\000o\000n}{section.0.12}% 68
\BOOKMARK [2][-]{subsection.0.12.2}{\376\377\000E\000x\000p\000a\000n\000s\000i\000o\000n}{section.0.12}% 69
\BOOKMARK [2][-]{subsection.0.12.3}{\376\377\000I\000n\000t\000e\000g\000r\000a\000t\000i\000o\000n}{section.0.12}% 70
\BOOKMARK [2][-]{subsection.0.12.4}{\376\377\000E\000m\000b\000o\000d\000i\000m\000e\000n\000t\000\040\000a\000n\000d\000\040\000C\000o\000l\000l\000e\000c\000t\000i\000v\000e\000\040\000S\000y\000s\000t\000e\000m\000s}{section.0.12}% 71
\BOOKMARK [2][-]{subsection.0.12.5}{\376\377\000T\000o\000w\000a\000r\000d\000\040\000a\000\040\000G\000e\000n\000e\000r\000a\000l\000\040\000T\000h\000e\000o\000r\000y\000\040\000o\000f\000\040\000R\000e\000g\000u\000l\000a\000t\000e\000d\000\040\000C\000o\000g\000n\000i\000t\000i\000o\000n}{section.0.12}% 72
\BOOKMARK [2][-]{subsection.0.12.6}{\376\377\000S\000u\000m\000m\000a\000r\000y}{section.0.12}% 73
\BOOKMARK [1][-]{section.0.13}{\376\377\000C\000o\000n\000c\000l\000u\000s\000i\000o\000n}{}% 74
\BOOKMARK [2][-]{subsection.0.13.1}{\376\377\000L\000i\000m\000i\000t\000a\000t\000i\000o\000n\000s\000\040\000a\000n\000d\000\040\000D\000e\000s\000i\000g\000n\000\040\000T\000r\000a\000d\000e\000-\000o\000f\000f\000s}{section.0.13}% 75
\BOOKMARK [1][-]{section.0.14}{\376\377\000C\000o\000d\000e\000\040\000A\000v\000a\000i\000l\000a\000b\000i\000l\000i\000t\000y}{}% 76
